// Jest Snapshot v1, https://goo.gl/fbAQLP

exports[`The PaymentSelection screen renders on the document 1`] = `<DocumentFragment />`;
